// Jest Snapshot v1, https://goo.gl/fbAQLP

exports[`When App is rendered renders the app like the snapshot 1`] = `<AppLoading />`;
